// Jest Snapshot v1, https://goo.gl/fbAQLP

exports[`App has a valid snaphot 1`] = `
<div
  className="page"
>
  <h3>
    ---App---
  </h3>
  <div
    className="interactions"
  >
    <form
      onSubmit={[Function]}
    >
      <input
        onChange={[Function]}
        type="text"
        value="html"
      />
      <button
        type="submit"
      >
        Search
      </button>
    </form>
  </div>
  <div
    className="table"
  />
  <div
    className="interactions"
  >
    <button
      className={undefined}
      onClick={[Function]}
      type="button"
    >
      More
    </button>
  </div>
</div>
`;

exports[`Search has a valid snapshot 1`] = `
<div
  className="page"
>
  <h3>
    ---App---
  </h3>
  <div
    className="interactions"
  >
    <form
      onSubmit={[Function]}
    >
      <input
        onChange={[Function]}
        type="text"
        value="html"
      />
      <button
        type="submit"
      >
        Search
      </button>
    </form>
  </div>
  <div
    className="table"
  />
  <div
    className="interactions"
  >
    <button
      className={undefined}
      onClick={[Function]}
      type="button"
    >
      More
    </button>
  </div>
</div>
`;
